[debug] [2026-06-27T13:45:21.229Z] ----------------------------------------------------------------------
[debug] [2026-06-27T13:45:21.230Z] Command:       /Users/raed/.nvm/versions/node/v22.21.1/bin/node /Users/raed/.nvm/versions/node/v22.21.1/bin/firebase deploy
[debug] [2026-06-27T13:45:21.230Z] CLI Version:   15.5.1
[debug] [2026-06-27T13:45:21.230Z] Platform:      darwin
[debug] [2026-06-27T13:45:21.231Z] Node Version:  v22.21.1
[debug] [2026-06-27T13:45:21.231Z] Time:          Sat Jun 27 2026 09:45:21 GMT-0400 (Eastern Daylight Time)
[debug] [2026-06-27T13:45:21.231Z] ----------------------------------------------------------------------
[debug] 
[debug] [2026-06-27T13:45:21.232Z] >>> [apiv2][query] GET https://firebase-public.firebaseio.com/cli.json [none]
[debug] [2026-06-27T13:45:22.013Z] > command requires scopes: ["email","openid","https://www.googleapis.com/auth/cloudplatformprojects.readonly","https://www.googleapis.com/auth/firebase","https://www.googleapis.com/auth/cloud-platform"]
[debug] [2026-06-27T13:45:22.013Z] > authorizing via signed-in user (raed.atoui@gmail.com)
[debug] [2026-06-27T13:45:22.013Z] [iam] checking project api-project-992432653598 for permissions ["firebase.projects.get","firebasehosting.sites.update"]
[debug] [2026-06-27T13:45:22.013Z] Checked if tokens are valid: false, expires at: 1782105351058
[debug] [2026-06-27T13:45:22.013Z] Checked if tokens are valid: false, expires at: 1782105351058
[debug] [2026-06-27T13:45:22.013Z] > refreshing access token with scopes: []
[debug] [2026-06-27T13:45:22.014Z] >>> [apiv2][query] POST https://www.googleapis.com/oauth2/v3/token [none]
[debug] [2026-06-27T13:45:22.014Z] >>> [apiv2][body] POST https://www.googleapis.com/oauth2/v3/token [omitted]
[debug] [2026-06-27T13:45:22.208Z] <<< [apiv2][status] GET https://firebase-public.firebaseio.com/cli.json 200
[debug] [2026-06-27T13:45:22.209Z] <<< [apiv2][body] GET https://firebase-public.firebaseio.com/cli.json {"cloudBuildErrorAfter":1594252800000,"cloudBuildWarnAfter":1590019200000,"defaultNode10After":1594252800000,"minVersion":"3.0.5","node8DeploysDisabledAfter":1613390400000,"node8RuntimeDisabledAfter":1615809600000,"node8WarnAfter":1600128000000}
[debug] [2026-06-27T13:45:22.223Z] <<< [apiv2][status] POST https://www.googleapis.com/oauth2/v3/token 200
[debug] [2026-06-27T13:45:22.223Z] <<< [apiv2][body] POST https://www.googleapis.com/oauth2/v3/token [omitted]
[debug] [2026-06-27T13:45:22.236Z] >>> [apiv2][query] POST https://cloudresourcemanager.googleapis.com/v1/projects/api-project-992432653598:testIamPermissions [none]
[debug] [2026-06-27T13:45:22.236Z] >>> [apiv2][(partial)header] POST https://cloudresourcemanager.googleapis.com/v1/projects/api-project-992432653598:testIamPermissions  x-goog-user-project=api-project-992432653598
[debug] [2026-06-27T13:45:22.236Z] >>> [apiv2][body] POST https://cloudresourcemanager.googleapis.com/v1/projects/api-project-992432653598:testIamPermissions {"permissions":["firebase.projects.get","firebasehosting.sites.update"]}
[debug] [2026-06-27T13:45:22.606Z] <<< [apiv2][status] POST https://cloudresourcemanager.googleapis.com/v1/projects/api-project-992432653598:testIamPermissions 200
[debug] [2026-06-27T13:45:22.606Z] <<< [apiv2][body] POST https://cloudresourcemanager.googleapis.com/v1/projects/api-project-992432653598:testIamPermissions {"permissions":["firebase.projects.get","firebasehosting.sites.update"]}
[debug] [2026-06-27T13:45:22.606Z] Checked if tokens are valid: true, expires at: 1782571521223
[debug] [2026-06-27T13:45:22.606Z] Checked if tokens are valid: true, expires at: 1782571521223
[debug] [2026-06-27T13:45:22.606Z] >>> [apiv2][query] GET https://firebase.googleapis.com/v1beta1/projects/api-project-992432653598 [none]
[debug] [2026-06-27T13:45:22.987Z] <<< [apiv2][status] GET https://firebase.googleapis.com/v1beta1/projects/api-project-992432653598 200
[debug] [2026-06-27T13:45:22.988Z] <<< [apiv2][body] GET https://firebase.googleapis.com/v1beta1/projects/api-project-992432653598 {"projectId":"api-project-992432653598","projectNumber":"992432653598","displayName":"Personal Websites","name":"projects/api-project-992432653598","resources":{"hostingSite":"api-project-992432653598","locationId":"us-central"},"state":"ACTIVE","etag":"1_39e2ebfc-cbb6-4556-8232-32d332445eba"}
[info] 
[info] === Deploying to 'api-project-992432653598'...
[info] 
[info] i  deploying hosting 
[debug] [2026-06-27T13:45:22.994Z] Checked if tokens are valid: true, expires at: 1782571521223
[debug] [2026-06-27T13:45:22.994Z] Checked if tokens are valid: true, expires at: 1782571521223
[debug] [2026-06-27T13:45:22.994Z] >>> [apiv2][query] POST https://firebasehosting.googleapis.com/v1beta1/projects/-/sites/leeft-log/versions [none]
[debug] [2026-06-27T13:45:22.994Z] >>> [apiv2][body] POST https://firebasehosting.googleapis.com/v1beta1/projects/-/sites/leeft-log/versions {"status":"CREATED","labels":{"deployment-tool":"cli-firebase"}}
